// Jest Snapshot v1, https://goo.gl/fbAQLP

exports[`snapshot test 1`] = `
<DocumentFragment>
  <div
    class="App"
  >
    <h1>
      testing the snapshot/jest
    </h1>
  </div>
</DocumentFragment>
`;
